// Jest Snapshot v1, https://goo.gl/fbAQLP

exports[`Pruebas en <Navbar /> Debe mostrarse correctamente 1`] = `
<div
  className="container mt-5"
>
  <h1>
    Login
  </h1>
  <hr />
  <input
    autoComplete="off"
    className="form-control"
    name="userName"
    onChange={[Function]}
    placeholder="Nombre Usuario"
    type="text"
    value=""
  />
  <button
    className="btn btn-primary mt-2"
    onClick={[Function]}
    type="button"
  >
    Login
  </button>
</div>
`;
